_______________________________________________________________________________
                                                                               
 S T A R T I N G     T O M C A T     I N S T A N C E     test
_______________________________________________________________________________
NOTE: Picked up JDK_JAVA_OPTIONS:  --add-opens=java.base/java.lang=ALL-UNNAMED --add-opens=java.base/java.lang.invoke=ALL-UNNAMED --add-opens=java.base/java.lang.reflect=ALL-UNNAMED --add-opens=java.base/java.io=ALL-UNNAMED --add-opens=java.base/java.util=ALL-UNNAMED --add-opens=java.base/java.util.concurrent=ALL-UNNAMED --add-opens=java.rmi/sun.rmi.transport=ALL-UNNAMED
[2026-03-24 19:39:15.754 -0500],[INFO],[org.apache.catalina.startup.VersionLoggerListener log],[Server version name:   Apache Tomcat/9.0.116],[]
[2026-03-24 19:39:15.754 -0500],[INFO],[org.apache.catalina.startup.VersionLoggerListener log],[Server built:          Mar 16 2026 15:05:42 UTC],[]
[2026-03-24 19:39:15.755 -0500],[INFO],[org.apache.catalina.startup.VersionLoggerListener log],[Server version number: 9.0.116.0],[]
[2026-03-24 19:39:15.755 -0500],[INFO],[org.apache.catalina.startup.VersionLoggerListener log],[OS Name:               Mac OS X],[]
[2026-03-24 19:39:15.755 -0500],[INFO],[org.apache.catalina.startup.VersionLoggerListener log],[OS Version:            26.3.1],[]
[2026-03-24 19:39:15.755 -0500],[INFO],[org.apache.catalina.startup.VersionLoggerListener log],[Architecture:          aarch64],[]
[2026-03-24 19:39:15.755 -0500],[INFO],[org.apache.catalina.startup.VersionLoggerListener log],[Java Home:             /Users/besmith/.sdkman/candidates/java/25.0.2-graal],[]
[2026-03-24 19:39:15.755 -0500],[INFO],[org.apache.catalina.startup.VersionLoggerListener log],[JVM Version:           25.0.2+10-LTS-jvmci-b01],[]
[2026-03-24 19:39:15.755 -0500],[INFO],[org.apache.catalina.startup.VersionLoggerListener log],[JVM Vendor:            Oracle Corporation],[]
[2026-03-24 19:39:15.755 -0500],[INFO],[org.apache.catalina.startup.VersionLoggerListener log],[CATALINA_BASE:         /Users/besmith/Developer/Personal/learning-java/tomcat_project_template/.tomcat-instance],[]
[2026-03-24 19:39:15.755 -0500],[INFO],[org.apache.catalina.startup.VersionLoggerListener log],[CATALINA_HOME:         /Users/besmith/Developer/Personal/learning-java/tomcat_project_template/.tomcat-core],[]
[2026-03-24 19:39:15.756 -0500],[INFO],[org.apache.catalina.startup.VersionLoggerListener log],[Command line argument: -XX:ThreadPriorityPolicy=1],[]
[2026-03-24 19:39:15.756 -0500],[INFO],[org.apache.catalina.startup.VersionLoggerListener log],[Command line argument: -XX:+UnlockExperimentalVMOptions],[]
[2026-03-24 19:39:15.756 -0500],[INFO],[org.apache.catalina.startup.VersionLoggerListener log],[Command line argument: -XX:+EnableJVMCIProduct],[]
[2026-03-24 19:39:15.757 -0500],[INFO],[org.apache.catalina.startup.VersionLoggerListener log],[Command line argument: -XX:+EnableJVMCI],[]
[2026-03-24 19:39:15.757 -0500],[INFO],[org.apache.catalina.startup.VersionLoggerListener log],[Command line argument: -XX:-UnlockExperimentalVMOptions],[]
[2026-03-24 19:39:15.757 -0500],[INFO],[org.apache.catalina.startup.VersionLoggerListener log],[Command line argument: --add-opens=java.base/java.lang=ALL-UNNAMED],[]
[2026-03-24 19:39:15.757 -0500],[INFO],[org.apache.catalina.startup.VersionLoggerListener log],[Command line argument: --add-opens=java.base/java.lang.invoke=ALL-UNNAMED],[]
[2026-03-24 19:39:15.757 -0500],[INFO],[org.apache.catalina.startup.VersionLoggerListener log],[Command line argument: --add-opens=java.base/java.lang.reflect=ALL-UNNAMED],[]
[2026-03-24 19:39:15.757 -0500],[INFO],[org.apache.catalina.startup.VersionLoggerListener log],[Command line argument: --add-opens=java.base/java.io=ALL-UNNAMED],[]
[2026-03-24 19:39:15.757 -0500],[INFO],[org.apache.catalina.startup.VersionLoggerListener log],[Command line argument: --add-opens=java.base/java.util=ALL-UNNAMED],[]
[2026-03-24 19:39:15.757 -0500],[INFO],[org.apache.catalina.startup.VersionLoggerListener log],[Command line argument: --add-opens=java.base/java.util.concurrent=ALL-UNNAMED],[]
[2026-03-24 19:39:15.757 -0500],[INFO],[org.apache.catalina.startup.VersionLoggerListener log],[Command line argument: --add-opens=java.rmi/sun.rmi.transport=ALL-UNNAMED],[]
[2026-03-24 19:39:15.757 -0500],[INFO],[org.apache.catalina.startup.VersionLoggerListener log],[Command line argument: -Dnop],[]
[2026-03-24 19:39:15.757 -0500],[INFO],[org.apache.catalina.startup.VersionLoggerListener log],[Command line argument: -Djava.util.logging.manager=org.apache.juli.ClassLoaderLogManager],[]
[2026-03-24 19:39:15.757 -0500],[INFO],[org.apache.catalina.startup.VersionLoggerListener log],[Command line argument: -Xms512m],[]
[2026-03-24 19:39:15.758 -0500],[INFO],[org.apache.catalina.startup.VersionLoggerListener log],[Command line argument: -Xmx4g],[]
[2026-03-24 19:39:15.758 -0500],[INFO],[org.apache.catalina.startup.VersionLoggerListener log],[Command line argument: -Djava.security.egd=file:/dev/./urandom],[]
[2026-03-24 19:39:15.758 -0500],[INFO],[org.apache.catalina.startup.VersionLoggerListener log],[Command line argument: -Djava.rim.server.hostname=mbpro14.local],[]
[2026-03-24 19:39:15.758 -0500],[INFO],[org.apache.catalina.startup.VersionLoggerListener log],[Command line argument: -Djava.util.logging.manager=org.apache.juli.ClassLoaderLogManager],[]
[2026-03-24 19:39:15.758 -0500],[INFO],[org.apache.catalina.startup.VersionLoggerListener log],[Command line argument: -Djava.util.logging.SimpleFormatter.format=[%1$tY-%1$tm-%1$td %1$tH:%1$tM:%1$tS.%1$tL %1$tz],[%4$s],[%2$s],[%5$s],[%6$s]%n],[]
[2026-03-24 19:39:15.758 -0500],[INFO],[org.apache.catalina.startup.VersionLoggerListener log],[Command line argument: -Djava.awt.headless=true],[]
[2026-03-24 19:39:15.758 -0500],[INFO],[org.apache.catalina.startup.VersionLoggerListener log],[Command line argument: -XX:ReservedCodeCacheSize=128m],[]
[2026-03-24 19:39:15.758 -0500],[INFO],[org.apache.catalina.startup.VersionLoggerListener log],[Command line argument: -XX:+DisableExplicitGC],[]
[2026-03-24 19:39:15.758 -0500],[INFO],[org.apache.catalina.startup.VersionLoggerListener log],[Command line argument: -Djava.protocol.handler.pkgs=org.apache.catalina.webresources],[]
[2026-03-24 19:39:15.758 -0500],[INFO],[org.apache.catalina.startup.VersionLoggerListener log],[Command line argument: -Dorg.apache.catalina.security.SecurityListener.UMASK=0027],[]
[2026-03-24 19:39:15.758 -0500],[INFO],[org.apache.catalina.startup.VersionLoggerListener log],[Command line argument: -Djava.net.preferIPv4Stack=true],[]
[2026-03-24 19:39:15.758 -0500],[INFO],[org.apache.catalina.startup.VersionLoggerListener log],[Command line argument: -Dats-tengine-aio.host=127.0.0.1],[]
[2026-03-24 19:39:15.759 -0500],[INFO],[org.apache.catalina.startup.VersionLoggerListener log],[Command line argument: -Dats-shared-fs.host=127.0.0.1],[]
[2026-03-24 19:39:15.759 -0500],[INFO],[org.apache.catalina.startup.VersionLoggerListener log],[Command line argument: -Dignore.endorsed.dirs=],[]
[2026-03-24 19:39:15.759 -0500],[INFO],[org.apache.catalina.startup.VersionLoggerListener log],[Command line argument: -Dbanner.logging.dir=/Users/besmith/Developer/Personal/learning-java/tomcat_project_template/.tomcat-instance/logs],[]
[2026-03-24 19:39:15.759 -0500],[INFO],[org.apache.catalina.startup.VersionLoggerListener log],[Command line argument: -DBANNER_APP_CONFIG=/Users/besmith/Developer/Personal/learning-java/tomcat_project_template/.tomcat-instance/shared_configuration/banner_configuration.groovy],[]
[2026-03-24 19:39:15.759 -0500],[INFO],[org.apache.catalina.startup.VersionLoggerListener log],[Command line argument: -DBANNER_INTEGRATION_API_CONFIG=/Users/besmith/Developer/Personal/learning-java/tomcat_project_template/.tomcat-instance/shared_configuration/IntegrationApi_configuration.groovy],[]
[2026-03-24 19:39:15.759 -0500],[INFO],[org.apache.catalina.startup.VersionLoggerListener log],[Command line argument: -DBANNER_STUDENT_API_CONFIG=/Users/besmith/Developer/Personal/learning-java/tomcat_project_template/.tomcat-instance/shared_configuration/StudentApi_configuration.groovy],[]
[2026-03-24 19:39:15.759 -0500],[INFO],[org.apache.catalina.startup.VersionLoggerListener log],[Command line argument: -Dcom.sun.management.jmxremote],[]
[2026-03-24 19:39:15.760 -0500],[INFO],[org.apache.catalina.startup.VersionLoggerListener log],[Command line argument: -Dcom.sun.management.jmxremote.port=1099],[]
[2026-03-24 19:39:15.760 -0500],[INFO],[org.apache.catalina.startup.VersionLoggerListener log],[Command line argument: -Dcom.sun.management.jmxremote.ssl=false],[]
[2026-03-24 19:39:15.760 -0500],[INFO],[org.apache.catalina.startup.VersionLoggerListener log],[Command line argument: -Dcom.sun.management.jmxremote.authenticate=false],[]
[2026-03-24 19:39:15.760 -0500],[INFO],[org.apache.catalina.startup.VersionLoggerListener log],[Command line argument: -Djdk.tls.ephemeralDHKeySize=2048],[]
[2026-03-24 19:39:15.760 -0500],[INFO],[org.apache.catalina.startup.VersionLoggerListener log],[Command line argument: -Djava.protocol.handler.pkgs=org.apache.catalina.webresources],[]
[2026-03-24 19:39:15.760 -0500],[INFO],[org.apache.catalina.startup.VersionLoggerListener log],[Command line argument: -Dsun.io.useCanonCaches=false],[]
[2026-03-24 19:39:15.760 -0500],[INFO],[org.apache.catalina.startup.VersionLoggerListener log],[Command line argument: -Dorg.apache.catalina.security.SecurityListener.UMASK=0027],[]
[2026-03-24 19:39:15.760 -0500],[INFO],[org.apache.catalina.startup.VersionLoggerListener log],[Command line argument: -Duser.timezone=America/Chicago],[]
[2026-03-24 19:39:15.760 -0500],[INFO],[org.apache.catalina.startup.VersionLoggerListener log],[Command line argument: -Duser.timezone=America/Chicago],[]
[2026-03-24 19:39:15.760 -0500],[INFO],[org.apache.catalina.startup.VersionLoggerListener log],[Command line argument: -Dignore.endorsed.dirs=],[]
[2026-03-24 19:39:15.760 -0500],[INFO],[org.apache.catalina.startup.VersionLoggerListener log],[Command line argument: -Dcatalina.base=/Users/besmith/Developer/Personal/learning-java/tomcat_project_template/.tomcat-instance],[]
[2026-03-24 19:39:15.760 -0500],[INFO],[org.apache.catalina.startup.VersionLoggerListener log],[Command line argument: -Dcatalina.home=/Users/besmith/Developer/Personal/learning-java/tomcat_project_template/.tomcat-core],[]
[2026-03-24 19:39:15.760 -0500],[INFO],[org.apache.catalina.startup.VersionLoggerListener log],[Command line argument: -Djava.io.tmpdir=/Users/besmith/Developer/Personal/learning-java/tomcat_project_template/.tomcat-instance/temp],[]
WARNING: A restricted method in java.lang.System has been called
WARNING: java.lang.System::load has been called by org.apache.tomcat.jni.Library in an unnamed module (file:/Users/besmith/Developer/Personal/learning-java/tomcat_project_template/.tomcat-core/lib/tomcat-jni.jar)
WARNING: Use --enable-native-access=ALL-UNNAMED to avoid a warning for callers in this module
WARNING: Restricted methods will be blocked in a future release unless native access is enabled

[2026-03-24 19:39:15.765 -0500],[INFO],[org.apache.catalina.core.AprLifecycleListener lifecycleEvent],[The Apache Tomcat Native library which allows using OpenSSL was not found on the java.library.path: [/Users/besmith/Library/Java/Extensions:/Library/Java/Extensions:/Network/Library/Java/Extensions:/System/Library/Java/Extensions:/usr/lib/java:.]],[]
[2026-03-24 19:39:15.854 -0500],[INFO],[org.apache.coyote.AbstractProtocol init],[Initializing ProtocolHandler ["http-nio-8080"]],[]
[2026-03-24 19:39:15.860 -0500],[INFO],[org.apache.catalina.startup.Catalina load],[Server initialization in [179] milliseconds],[]
[2026-03-24 19:39:15.873 -0500],[INFO],[org.apache.catalina.core.StandardService startInternal],[Starting service [Catalina]],[]
[2026-03-24 19:39:15.873 -0500],[INFO],[org.apache.catalina.core.StandardEngine startInternal],[Starting Servlet engine: [Apache Tomcat/9.0.116]],[]
[2026-03-24 19:39:15.878 -0500],[INFO],[org.apache.catalina.startup.HostConfig deployWAR],[Deploying web application archive [/Users/besmith/Developer/Personal/learning-java/tomcat_project_template/.tomcat-instance/webapps/Hello.war]],[]
[2026-03-24 19:39:15.884 -0500],[INFO],[org.apache.catalina.startup.ExpandWar expand],[An expanded directory [/Users/besmith/Developer/Personal/learning-java/tomcat_project_template/.tomcat-instance/webapps/Hello] was found with a last modified time that did not match the associated WAR. It will be deleted.],[]
[2026-03-24 19:39:16.158 -0500],[INFO],[org.apache.jasper.servlet.TldScanner scanJars],[At least one JAR was scanned for TLDs yet contained no TLDs. Enable debug logging for this logger for a complete list of JARs that were scanned but no TLDs were found in them. Skipping unneeded JARs during scanning can improve startup time and JSP compilation time.],[]
[2026-03-24 19:39:16.167 -0500],[INFO],[org.apache.catalina.startup.HostConfig deployWAR],[Deployment of web application archive [/Users/besmith/Developer/Personal/learning-java/tomcat_project_template/.tomcat-instance/webapps/Hello.war] has finished in [288] ms],[]
[2026-03-24 19:39:16.168 -0500],[INFO],[org.apache.catalina.startup.HostConfig deployDirectory],[Deploying web application directory [/Users/besmith/Developer/Personal/learning-java/tomcat_project_template/.tomcat-instance/webapps/ROOT]],[]
[2026-03-24 19:39:16.321 -0500],[INFO],[org.apache.jasper.servlet.TldScanner scanJars],[At least one JAR was scanned for TLDs yet contained no TLDs. Enable debug logging for this logger for a complete list of JARs that were scanned but no TLDs were found in them. Skipping unneeded JARs during scanning can improve startup time and JSP compilation time.],[]
[2026-03-24 19:39:16.323 -0500],[INFO],[org.apache.catalina.startup.HostConfig deployDirectory],[Deployment of web application directory [/Users/besmith/Developer/Personal/learning-java/tomcat_project_template/.tomcat-instance/webapps/ROOT] has finished in [155] ms],[]
[2026-03-24 19:39:16.324 -0500],[INFO],[org.apache.coyote.AbstractProtocol start],[Starting ProtocolHandler ["http-nio-8080"]],[]
[2026-03-24 19:39:16.329 -0500],[INFO],[org.apache.catalina.startup.Catalina start],[Server startup in [467] milliseconds],[]
_______________________________________________________________________________
                                                                               
 S T O P P I N G     T O M C A T     I N S T A N C E     test
_______________________________________________________________________________
[2026-03-24 19:39:25.895 -0500],[INFO],[org.apache.coyote.AbstractProtocol pause],[Pausing ProtocolHandler ["http-nio-8080"]],[]
[2026-03-24 19:39:25.901 -0500],[INFO],[org.apache.catalina.core.StandardService stopInternal],[Stopping service [Catalina]],[]
[2026-03-24 19:39:25.909 -0500],[INFO],[org.apache.coyote.AbstractProtocol stop],[Stopping ProtocolHandler ["http-nio-8080"]],[]
[2026-03-24 19:39:25.912 -0500],[INFO],[org.apache.coyote.AbstractProtocol destroy],[Destroying ProtocolHandler ["http-nio-8080"]],[]
